
> egata-frontend@0.1.0 test
> vitest run

[33mThe CJS build of Vite's Node API is deprecated. See https://vite.dev/guide/troubleshooting.html#vite-cjs-node-api-deprecated for more details.[39m

[1m[7m[36m RUN [39m[27m[22m [36mv2.1.9 [39m[90mC:/ReposGithub/hahahah/ClujHackathon/frontend[39m

 [32m✓[39m lib/__tests__/ghiseuPref.test.ts [2m([22m[2m4 tests[22m[2m)[22m[90m 6[2mms[22m[39m
 [32m✓[39m lib/__tests__/ghiseuStore.test.ts [2m([22m[2m10 tests[22m[2m)[22m[90m 15[2mms[22m[39m
[90mstdout[2m | lib/__tests__/sseChat.test.ts[2m > [22m[2mdispatchFrame[2m > [22m[2msilently ignores unknown events
[22m[39m[egata:sse] ignoring unknown frame foo

 [32m✓[39m lib/__tests__/sseChat.test.ts [2m([22m[2m8 tests[22m[2m)[22m[90m 14[2mms[22m[39m
 [32m✓[39m lib/__tests__/sessionStore.test.ts [2m([22m[2m13 tests[22m[2m)[22m[90m 17[2mms[22m[39m
 [32m✓[39m components/ghiseu/__tests__/CaptionStrip.test.tsx [2m([22m[2m3 tests[22m[2m)[22m[90m 60[2mms[22m[39m
 [32m✓[39m components/chat/widgets/__tests__/ChoiceWidget.test.tsx [2m([22m[2m2 tests[22m[2m)[22m[90m 78[2mms[22m[39m
 [32m✓[39m components/chat/__tests__/MobileViewToggle.test.tsx [2m([22m[2m4 tests[22m[2m)[22m[90m 177[2mms[22m[39m
 [32m✓[39m components/__tests__/ModulGhiseuToggle.test.tsx [2m([22m[2m4 tests[22m[2m)[22m[90m 170[2mms[22m[39m
 [32m✓[39m components/ghiseu/__tests__/VoiceStage.test.tsx [2m([22m[2m4 tests[22m[2m)[22m[90m 169[2mms[22m[39m
 [32m✓[39m components/ghiseu/__tests__/DoneScreen.test.tsx [2m([22m[2m4 tests[22m[2m)[22m[90m 190[2mms[22m[39m
 [32m✓[39m components/ghiseu/__tests__/ExportOptions.test.tsx [2m([22m[2m4 tests[22m[2m)[22m[90m 196[2mms[22m[39m
 [32m✓[39m components/ghiseu/__tests__/DocumentReview.test.tsx [2m([22m[2m3 tests[22m[2m)[22m[90m 238[2mms[22m[39m
 [32m✓[39m components/ghiseu/__tests__/ControlsDock.test.tsx [2m([22m[2m9 tests[22m[2m)[22m[90m 282[2mms[22m[39m
 [32m✓[39m components/ghiseu/__tests__/GhiseuProfileMenu.test.tsx [2m([22m[2m3 tests[22m[2m)[22m[90m 253[2mms[22m[39m
 [31m❯[39m e2e/smoke.spec.ts [2m([22m[2m0 test[22m[2m)[22m

[31m⎯⎯⎯⎯⎯⎯[1m[7m Failed Suites 1 [27m[22m⎯⎯⎯⎯⎯⎯⎯[39m

[31m[1m[7m FAIL [27m[22m[39m e2e/smoke.spec.ts[2m [ e2e/smoke.spec.ts ][22m
[31m[1mError[22m: Playwright Test did not expect test.describe() to be called here.
Most common reasons include:
- You are calling test.describe() in a configuration file.
- You are calling test.describe() in a file that is imported by the configuration file.
- You have two different versions of @playwright/test. This usually happens
  when one of the dependencies in your package.json depends on @playwright/test.[39m
[90m [2m❯[22m _TestTypeImpl._currentSuite node_modules/playwright/lib/common/index.js:[2m2221:13[22m[39m
[90m [2m❯[22m _TestTypeImpl._describe node_modules/playwright/lib/common/index.js:[2m2261:24[22m[39m
[90m [2m❯[22m Function.describe node_modules/playwright/lib/common/index.js:[2m1111:12[22m[39m
[36m [2m❯[22m e2e/smoke.spec.ts:[2m10:6[22m[39m
    [90m  8| [39m} [35mfrom[39m [32m"./helpers"[39m[33m;[39m
    [90m  9| [39m
    [90m 10| [39mtest[33m.[39m[34mdescribe[39m([32m"smoke"[39m[33m,[39m () [33m=>[39m {
    [90m   | [39m     [31m^[39m
    [90m 11| [39m  [34mtest[39m([32m"login → home page loads with citizen greeting"[39m[33m,[39m [35masync[39m ({ page …
    [90m 12| [39m    [35mconst[39m getErrors [33m=[39m [34mcollectPageErrors[39m(page)[33m;[39m

[31m[2m⎯⎯⎯⎯⎯⎯⎯⎯⎯⎯⎯⎯⎯⎯⎯⎯⎯⎯⎯⎯⎯⎯⎯⎯[1/1]⎯[22m[39m

[2m Test Files [22m [1m[31m1 failed[39m[22m[2m | [22m[1m[32m14 passed[39m[22m[90m (15)[39m
[2m      Tests [22m [1m[32m75 passed[39m[22m[90m (75)[39m
[2m   Start at [22m 03:14:36
[2m   Duration [22m 4.22s[2m (transform 1.33s, setup 4.55s, collect 6.76s, tests 1.87s, environment 17.75s, prepare 2.81s)[22m

